MPLINK 5.08, LINKER
Linker Map File - Created Thu Sep  6 04:03:45 2018

                                 Section Info
                  Section       Type    Address   Location Size(Bytes)
                ---------  ---------  ---------  ---------  ---------
                   .org_0       code   0x000000    program   0x000000
                   .org_2       code   0x000000    program   0x000002
                   .org_3       code   0x000004    program   0x000172
.config_2007_/HOME/SUANNYFABYNE/DOCUMENTOS/P6       code   0x002007    program   0x000002
                   .org_1       code   0x002100    program   0x00000c



                              Program Memory Usage 
                               Start         End      
                           ---------   ---------      
                            0x000000    0x000000      
                            0x000004    0x0000bc      
                            0x002007    0x002007      
                            0x002100    0x002105      
            193 out of 1158 program addresses used, program memory utilization is 16%



                              Symbols - Sorted by Name
                     Name    Address   Location    Storage File                     
                ---------  ---------  ---------  --------- ---------                
                  AGUARDA   0x00001f    program     static /home/suannyfabyne/Documentos/P6/Microcontroladores/MPLab_Projects/LCD.X/Vazio_EEPROM.ASM
                  BITTEST   0x000042    program     static /home/suannyfabyne/Documentos/P6/Microcontroladores/MPLab_Projects/LCD.X/Vazio_EEPROM.ASM
                 BITWRITE   0x000040    program     static /home/suannyfabyne/Documentos/P6/Microcontroladores/MPLab_Projects/LCD.X/Vazio_EEPROM.ASM
                  DELAYUS   0x00003d    program     static /home/suannyfabyne/Documentos/P6/Microcontroladores/MPLab_Projects/LCD.X/Vazio_EEPROM.ASM
              ESCREVEDADO   0x000024    program     static /home/suannyfabyne/Documentos/P6/Microcontroladores/MPLab_Projects/LCD.X/Vazio_EEPROM.ASM
               ESPERAR4.1   0x00006d    program     static /home/suannyfabyne/Documentos/P6/Microcontroladores/MPLab_Projects/LCD.X/Vazio_EEPROM.ASM
                      FIM   0x0000bc    program     static /home/suannyfabyne/Documentos/P6/Microcontroladores/MPLab_Projects/LCD.X/Vazio_EEPROM.ASM
             GRAVA_EEPROM   0x000013    program     static /home/suannyfabyne/Documentos/P6/Microcontroladores/MPLab_Projects/LCD.X/Vazio_EEPROM.ASM
              INICIALIZAR   0x000067    program     static /home/suannyfabyne/Documentos/P6/Microcontroladores/MPLab_Projects/LCD.X/Vazio_EEPROM.ASM
                   INICIO   0x000057    program     static /home/suannyfabyne/Documentos/P6/Microcontroladores/MPLab_Projects/LCD.X/Vazio_EEPROM.ASM
                LE_EEPROM   0x00000c    program     static /home/suannyfabyne/Documentos/P6/Microcontroladores/MPLab_Projects/LCD.X/Vazio_EEPROM.ASM
                 LIMPAGP4   0x000055    program     static /home/suannyfabyne/Documentos/P6/Microcontroladores/MPLab_Projects/LCD.X/Vazio_EEPROM.ASM
                     MAIN   0x000062    program     static /home/suannyfabyne/Documentos/P6/Microcontroladores/MPLab_Projects/LCD.X/Vazio_EEPROM.ASM
                  SAI_INT   0x000007    program     static /home/suannyfabyne/Documentos/P6/Microcontroladores/MPLab_Projects/LCD.X/Vazio_EEPROM.ASM
           VOLTOULIMPAGP4   0x000045    program     static /home/suannyfabyne/Documentos/P6/Microcontroladores/MPLab_Projects/LCD.X/Vazio_EEPROM.ASM



                              Symbols - Sorted by Address
                     Name    Address   Location    Storage File                     
                ---------  ---------  ---------  --------- ---------                
                  SAI_INT   0x000007    program     static /home/suannyfabyne/Documentos/P6/Microcontroladores/MPLab_Projects/LCD.X/Vazio_EEPROM.ASM
                LE_EEPROM   0x00000c    program     static /home/suannyfabyne/Documentos/P6/Microcontroladores/MPLab_Projects/LCD.X/Vazio_EEPROM.ASM
             GRAVA_EEPROM   0x000013    program     static /home/suannyfabyne/Documentos/P6/Microcontroladores/MPLab_Projects/LCD.X/Vazio_EEPROM.ASM
                  AGUARDA   0x00001f    program     static /home/suannyfabyne/Documentos/P6/Microcontroladores/MPLab_Projects/LCD.X/Vazio_EEPROM.ASM
              ESCREVEDADO   0x000024    program     static /home/suannyfabyne/Documentos/P6/Microcontroladores/MPLab_Projects/LCD.X/Vazio_EEPROM.ASM
                  DELAYUS   0x00003d    program     static /home/suannyfabyne/Documentos/P6/Microcontroladores/MPLab_Projects/LCD.X/Vazio_EEPROM.ASM
                 BITWRITE   0x000040    program     static /home/suannyfabyne/Documentos/P6/Microcontroladores/MPLab_Projects/LCD.X/Vazio_EEPROM.ASM
                  BITTEST   0x000042    program     static /home/suannyfabyne/Documentos/P6/Microcontroladores/MPLab_Projects/LCD.X/Vazio_EEPROM.ASM
           VOLTOULIMPAGP4   0x000045    program     static /home/suannyfabyne/Documentos/P6/Microcontroladores/MPLab_Projects/LCD.X/Vazio_EEPROM.ASM
                 LIMPAGP4   0x000055    program     static /home/suannyfabyne/Documentos/P6/Microcontroladores/MPLab_Projects/LCD.X/Vazio_EEPROM.ASM
                   INICIO   0x000057    program     static /home/suannyfabyne/Documentos/P6/Microcontroladores/MPLab_Projects/LCD.X/Vazio_EEPROM.ASM
                     MAIN   0x000062    program     static /home/suannyfabyne/Documentos/P6/Microcontroladores/MPLab_Projects/LCD.X/Vazio_EEPROM.ASM
              INICIALIZAR   0x000067    program     static /home/suannyfabyne/Documentos/P6/Microcontroladores/MPLab_Projects/LCD.X/Vazio_EEPROM.ASM
               ESPERAR4.1   0x00006d    program     static /home/suannyfabyne/Documentos/P6/Microcontroladores/MPLab_Projects/LCD.X/Vazio_EEPROM.ASM
                      FIM   0x0000bc    program     static /home/suannyfabyne/Documentos/P6/Microcontroladores/MPLab_Projects/LCD.X/Vazio_EEPROM.ASM


